// Jest Snapshot v1, https://goo.gl/fbAQLP

exports[`PatientDetails should render properly 1`] = `
<styled.div>
  <div
    className="patient-details-container"
  >
    <span>
      Name :
      John
    </span>
  </div>
</styled.div>
`;
