// Jest Snapshot v1, https://goo.gl/fbAQLP

exports[`DosageTiming should render properly 1`] = `
<div>
  On:
  1, 21/01/2019, 22/01/2019
</div>
`;
