// Jest Snapshot v1, https://goo.gl/fbAQLP

exports[`ConditionOnset should render properly 1`] = `
<span>
   
  ( Category 1, Category 2 )
   
</span>
`;
